../Core/Src/main.c:81:5:__io_putchar	16	static
../Core/Src/main.c:101:10:pow100	24	static
../Core/Src/main.c:108:9:ekstrakcja_cyfry09	32	static
../Core/Src/main.c:121:9:konw09_na_I2C	16	static
../Core/Src/main.c:130:6:buforuj_cyfry	24	static
../Core/Src/main.c:145:6:ustaw_odswiezanie	16	static
../Core/Src/main.c:151:6:inicjalizacja_wyswietlacz	24	static
../Core/Src/main.c:159:6:wyswietl_kolejna_cyferke	16	static
../Core/Src/main.c:174:6:HAL_I2C_MasterTxCpltCallback	16	static
../Core/Src/main.c:192:6:HAL_TIM_PeriodElapsedCallback	16	static
../Core/Src/main.c:207:5:main	16	static
../Core/Src/main.c:276:6:SystemClock_Config	96	static
../Core/Src/main.c:326:13:MX_ADC1_Init	48	static
../Core/Src/main.c:397:13:MX_I2C1_Init	8	static
../Core/Src/main.c:445:13:MX_TIM15_Init	112	static
../Core/Src/main.c:519:13:MX_USART2_UART_Init	8	static
../Core/Src/main.c:552:13:MX_DMA_Init	16	static
../Core/Src/main.c:570:13:MX_GPIO_Init	48	static
../Core/Src/main.c:612:6:Error_Handler	4	static,ignoring_inline_asm
